
SQL> SELECT * FROM booking;

 BOOKINGID DATEFROM  DATETO       BEDSNUM                                       
---------- --------- --------- ----------                                       
       101 28-JAN-22 03-FEB-22          2                                       
       102 02-FEB-22 08-FEB-22          1                                       
       104 26-JAN-22 31-JAN-22          3                                       
       105 05-FEB-22 10-FEB-22          2                                       

SQL> CREATE TABLE guests
  2  (
  3  	firstName VARCHAR(25),
  4  	lastName VARCHAR(25),
  5  	DOB DATE,
  6  	city VARCHAR(25),
  7  	guestID NUMBER,
  8  	memberType VARCHAR(25),
  9  );
)
*
ERROR at line 9:
ORA-00904: : invalid identifier 


SQL> CREATE TABLE guests
  2  (
  3  	firstName VARCHAR(25),
  4  	lastName VARCHAR(25),
  5  	DOB DATE,
  6  	city VARCHAR(25),
  7  	guestID NUMBER,
  8  	memberType VARCHAR(25)
  9  );

Table created.

SQL> INSERT INTO guests VALUES('Ben', 'Dover', TO_DATE('28-01-1982', 'DD-MM-YYYY'), 'Delhi', 101, 'Normal');

1 row created.

SQL> INSERT INTO guests VALUES('Rose', 'Daisy', TO_DATE('12-06-1998', 'DD-MM-YYYY'), 'Mumbai', 102, 'Premium');

1 row created.

SQL> INSERT INTO guests VALUES('John', 'Moe', TO_DATE('03-10-2000', 'DD-MM-YYYY'), 'Kerela', 103, 'Normal');

1 row created.

SQL> INSERT INTO guests VALUES('Dan', 'Parker', TO_DATE('27-11-1995', 'DD-MM-YYYY'), 'Chennai', 104, 'Normal');

1 row created.

SQL> INSERT INTO guests VALUES('Tom', 'Stark', TO_DATE('18-09-1991', 'DD-MM-YYYY'), 'Punjab', 105, 'Premium');

1 row created.                                                             

SQL> SELECT CONCAT(firstName, lastName) as guestName FROM guests;

GUESTNAME                                                                       
--------------------------------------------------                              
BenDover                                                                        
RoseDaisy                                                                       
JohnMoe                                                                         
DanParker                                                                       
TomStark                                                                        

SQL> SELECT INITCAP('test initcap') FROM Dual;

INITCAP('TES                                                                    
------------                                                                    
Test Initcap                                                                    

SQL> SELECT INITCAP('test initcap') "INITCAP" FROM Dual;

INITCAP                                                                         
------------                                                                    
Test Initcap                                                                    

SQL> SELECT CHR(87) FROM Dual;

C                                                                               
-                                                                               
W                                                                               

SQL> SELECT CHR(87), CHR(97) FROM Dual;

C C                                                                             
- -                                                                             
W a                                                                                                                                                      

SQL> SELECT INSTR('Testing testing testing', 'est', 1, 1) "Instring" FROM Dual;

  Instring                                                                      
----------                                                                      
         2                                                                      

SQL> SELECT INSTR('Testing testing testing', 'est', 1, 3) "Instring" FROM Dual;

  Instring                                                                      
----------                                                                      
        18                                                                      

SQL> SELECT INSTR('Testing testing testing', 'est', -3, 2) "Instring" FROM Dual;

  Instring                                                                      
----------                                                                      
        10                                                                      

SQL> 
SQL> SELECT LENGTH('Length of this sentence') AS "Length" FROM Dual;

    Length                                                                      
----------                                                                      
        23                                                                      

SQL> SELECT * FROM guests;

FIRSTNAME                 LASTNAME                  DOB                         
------------------------- ------------------------- ---------                   
CITY                         GUESTID MEMBERTYPE                                 
------------------------- ---------- -------------------------                  
Ben                       Dover                     28-JAN-82                   
Delhi                            101 Normal                                     
                                                                                
Rose                      Daisy                     12-JUN-98                   
Mumbai                           102 Premium                                    
                                                                                
John                      Moe                       03-OCT-00                   
Kerela                           103 Normal                                     
                                                                                

FIRSTNAME                 LASTNAME                  DOB                         
------------------------- ------------------------- ---------                   
CITY                         GUESTID MEMBERTYPE                                 
------------------------- ---------- -------------------------                  
Dan                       Parker                    27-NOV-95                   
Chennai                          104 Normal                                     
                                                                                
Tom                       Stark                     18-SEP-91                   
Punjab                           105 Premium                                    
                                                                                

SQL> SELECT LOWER(lastName) as lastNameLower FROM guests;

LASTNAMELOWER                                                                   
-------------------------                                                       
dover                                                                           
daisy                                                                           
moe                                                                             
parker                                                                          
stark                                                                           

SQL> SELECT LOWER(city) as cityLower FROM guests;

CITYLOWER                                                                       
-------------------------                                                       
delhi                                                                           
mumbai                                                                          
kerela                                                                          
chennai                                                                         
punjab                                                                          

SQL> SELECT UPPER(lastName) as lastNameUpper FROM guests;

LASTNAMEUPPER                                                                   
-------------------------                                                       
DOVER                                                                           
DAISY                                                                           
MOE                                                                             
PARKER                                                                          
STARK                                                                           

SQL> SELECT UPPER(city) as cityUpper FROM guests;

CITYUPPER                                                                       
-------------------------                                                       
DELHI                                                                           
MUMBAI                                                                          
KERELA                                                                          
CHENNAI                                                                         
PUNJAB                                                                          

SQL> Spool off
